[0.061s] Invoking command in '/home/amr/amr_ws/build/amr_description': CMAKE_PREFIX_PATH=${CMAKE_PREFIX_PATH}:/home/amr/amr_ws/install/base_control_ros2:/opt/ros/humble /usr/bin/cmake --build /home/amr/amr_ws/build/amr_description -- -j4 -l4
[0.483s] Invoked command in '/home/amr/amr_ws/build/amr_description' returned '0': CMAKE_PREFIX_PATH=${CMAKE_PREFIX_PATH}:/home/amr/amr_ws/install/base_control_ros2:/opt/ros/humble /usr/bin/cmake --build /home/amr/amr_ws/build/amr_description -- -j4 -l4
[0.527s] Invoking command in '/home/amr/amr_ws/build/amr_description': CMAKE_PREFIX_PATH=${CMAKE_PREFIX_PATH}:/home/amr/amr_ws/install/base_control_ros2:/opt/ros/humble /usr/bin/cmake --install /home/amr/amr_ws/build/amr_description
[0.555s] -- Install configuration: ""
[0.559s] -- Execute custom install script
[0.567s] -- Up-to-date symlink: /home/amr/amr_ws/install/amr_description/share/amr_description/urdf/amr.urdf.xacro
[0.569s] -- Symlinking: /home/amr/amr_ws/install/amr_description/share/amr_description/launch/bringup.launch.py
[0.605s] -- Up-to-date symlink: /home/amr/amr_ws/install/amr_description/share/amr_description/launch/description.launch.py
[0.606s] -- Up-to-date symlink: /home/amr/amr_ws/install/amr_description/share/ament_index/resource_index/package_run_dependencies/amr_description
[0.608s] -- Up-to-date symlink: /home/amr/amr_ws/install/amr_description/share/ament_index/resource_index/parent_prefix_path/amr_description
[0.609s] -- Up-to-date symlink: /home/amr/amr_ws/install/amr_description/share/amr_description/environment/ament_prefix_path.sh
[0.610s] -- Up-to-date symlink: /home/amr/amr_ws/install/amr_description/share/amr_description/environment/ament_prefix_path.dsv
[0.612s] -- Up-to-date symlink: /home/amr/amr_ws/install/amr_description/share/amr_description/environment/path.sh
[0.613s] -- Up-to-date symlink: /home/amr/amr_ws/install/amr_description/share/amr_description/environment/path.dsv
[0.615s] -- Up-to-date symlink: /home/amr/amr_ws/install/amr_description/share/amr_description/local_setup.bash
[0.616s] -- Up-to-date symlink: /home/amr/amr_ws/install/amr_description/share/amr_description/local_setup.sh
[0.618s] -- Up-to-date symlink: /home/amr/amr_ws/install/amr_description/share/amr_description/local_setup.zsh
[0.619s] -- Up-to-date symlink: /home/amr/amr_ws/install/amr_description/share/amr_description/local_setup.dsv
[0.620s] -- Symlinking: /home/amr/amr_ws/install/amr_description/share/amr_description/package.dsv
[0.652s] -- Up-to-date symlink: /home/amr/amr_ws/install/amr_description/share/ament_index/resource_index/packages/amr_description
[0.654s] -- Up-to-date symlink: /home/amr/amr_ws/install/amr_description/share/amr_description/cmake/amr_descriptionConfig.cmake
[0.655s] -- Up-to-date symlink: /home/amr/amr_ws/install/amr_description/share/amr_description/cmake/amr_descriptionConfig-version.cmake
[0.656s] -- Up-to-date symlink: /home/amr/amr_ws/install/amr_description/share/amr_description/package.xml
[0.663s] Invoked command in '/home/amr/amr_ws/build/amr_description' returned '0': CMAKE_PREFIX_PATH=${CMAKE_PREFIX_PATH}:/home/amr/amr_ws/install/base_control_ros2:/opt/ros/humble /usr/bin/cmake --install /home/amr/amr_ws/build/amr_description
