running develop
running egg_info
creating base_control_ros2.egg-info
writing base_control_ros2.egg-info/PKG-INFO
writing dependency_links to base_control_ros2.egg-info/dependency_links.txt
writing entry points to base_control_ros2.egg-info/entry_points.txt
writing requirements to base_control_ros2.egg-info/requires.txt
writing top-level names to base_control_ros2.egg-info/top_level.txt
writing manifest file 'base_control_ros2.egg-info/SOURCES.txt'
reading manifest file 'base_control_ros2.egg-info/SOURCES.txt'
writing manifest file 'base_control_ros2.egg-info/SOURCES.txt'
running build_ext
Creating /home/amr/amr_ws/install/base_control_ros2/lib/python3.10/site-packages/base-control-ros2.egg-link (link to .)
Installing base_control_node script to /home/amr/amr_ws/install/base_control_ros2/lib/base_control_ros2
Installing test_node script to /home/amr/amr_ws/install/base_control_ros2/lib/base_control_ros2

Installed /home/amr/amr_ws/build/base_control_ros2
running symlink_data
creating /home/amr/amr_ws/install/base_control_ros2/share/ament_index
creating /home/amr/amr_ws/install/base_control_ros2/share/ament_index/resource_index
creating /home/amr/amr_ws/install/base_control_ros2/share/ament_index/resource_index/packages
symbolically linking /home/amr/amr_ws/build/base_control_ros2/resource/base_control_ros2 -> /home/amr/amr_ws/install/base_control_ros2/share/ament_index/resource_index/packages
symbolically linking /home/amr/amr_ws/build/base_control_ros2/package.xml -> /home/amr/amr_ws/install/base_control_ros2/share/base_control_ros2
creating /home/amr/amr_ws/install/base_control_ros2/share/base_control_ros2/launch
symbolically linking /home/amr/amr_ws/build/base_control_ros2/launch/base_control.launch.py -> /home/amr/amr_ws/install/base_control_ros2/share/base_control_ros2/launch
