running egg_info
writing ../../build/base_control_ros2/base_control_ros2.egg-info/PKG-INFO
writing dependency_links to ../../build/base_control_ros2/base_control_ros2.egg-info/dependency_links.txt
writing entry points to ../../build/base_control_ros2/base_control_ros2.egg-info/entry_points.txt
writing requirements to ../../build/base_control_ros2/base_control_ros2.egg-info/requires.txt
writing top-level names to ../../build/base_control_ros2/base_control_ros2.egg-info/top_level.txt
reading manifest file '../../build/base_control_ros2/base_control_ros2.egg-info/SOURCES.txt'
writing manifest file '../../build/base_control_ros2/base_control_ros2.egg-info/SOURCES.txt'
running build
running build_py
running install
running install_lib
running install_data
running install_egg_info
removing '/home/amr/amr_ws/install/base_control_ros2/lib/python3.10/site-packages/base_control_ros2-0.0.0-py3.10.egg-info' (and everything under it)
Copying ../../build/base_control_ros2/base_control_ros2.egg-info to /home/amr/amr_ws/install/base_control_ros2/lib/python3.10/site-packages/base_control_ros2-0.0.0-py3.10.egg-info
running install_scripts
Installing base_control_node script to /home/amr/amr_ws/install/base_control_ros2/lib/base_control_ros2
Installing test_node script to /home/amr/amr_ws/install/base_control_ros2/lib/base_control_ros2
writing list of installed files to '/home/amr/amr_ws/build/base_control_ros2/install.log'
