running develop
Removing /home/amr/amr_ws/install/base_control_ros2/lib/python3.10/site-packages/base-control-ros2.egg-link (link to .)
running egg_info
writing ../../build/base_control_ros2/base_control_ros2.egg-info/PKG-INFO
writing dependency_links to ../../build/base_control_ros2/base_control_ros2.egg-info/dependency_links.txt
writing entry points to ../../build/base_control_ros2/base_control_ros2.egg-info/entry_points.txt
writing requirements to ../../build/base_control_ros2/base_control_ros2.egg-info/requires.txt
writing top-level names to ../../build/base_control_ros2/base_control_ros2.egg-info/top_level.txt
reading manifest file '../../build/base_control_ros2/base_control_ros2.egg-info/SOURCES.txt'
writing manifest file '../../build/base_control_ros2/base_control_ros2.egg-info/SOURCES.txt'
running build
running build_py
creating /home/amr/amr_ws/build/base_control_ros2/build
creating /home/amr/amr_ws/build/base_control_ros2/build/lib
creating /home/amr/amr_ws/build/base_control_ros2/build/lib/base_control_ros2
copying base_control_ros2/__init__.py -> /home/amr/amr_ws/build/base_control_ros2/build/lib/base_control_ros2
copying base_control_ros2/test_node.py -> /home/amr/amr_ws/build/base_control_ros2/build/lib/base_control_ros2
copying base_control_ros2/loopqueue.py -> /home/amr/amr_ws/build/base_control_ros2/build/lib/base_control_ros2
copying base_control_ros2/base_control_ros2.py -> /home/amr/amr_ws/build/base_control_ros2/build/lib/base_control_ros2
running install
running install_lib
creating /home/amr/amr_ws/install/base_control_ros2/lib/python3.10/site-packages/base_control_ros2
copying /home/amr/amr_ws/build/base_control_ros2/build/lib/base_control_ros2/__init__.py -> /home/amr/amr_ws/install/base_control_ros2/lib/python3.10/site-packages/base_control_ros2
copying /home/amr/amr_ws/build/base_control_ros2/build/lib/base_control_ros2/test_node.py -> /home/amr/amr_ws/install/base_control_ros2/lib/python3.10/site-packages/base_control_ros2
copying /home/amr/amr_ws/build/base_control_ros2/build/lib/base_control_ros2/loopqueue.py -> /home/amr/amr_ws/install/base_control_ros2/lib/python3.10/site-packages/base_control_ros2
copying /home/amr/amr_ws/build/base_control_ros2/build/lib/base_control_ros2/base_control_ros2.py -> /home/amr/amr_ws/install/base_control_ros2/lib/python3.10/site-packages/base_control_ros2
byte-compiling /home/amr/amr_ws/install/base_control_ros2/lib/python3.10/site-packages/base_control_ros2/__init__.py to __init__.cpython-310.pyc
byte-compiling /home/amr/amr_ws/install/base_control_ros2/lib/python3.10/site-packages/base_control_ros2/test_node.py to test_node.cpython-310.pyc
byte-compiling /home/amr/amr_ws/install/base_control_ros2/lib/python3.10/site-packages/base_control_ros2/loopqueue.py to loopqueue.cpython-310.pyc
byte-compiling /home/amr/amr_ws/install/base_control_ros2/lib/python3.10/site-packages/base_control_ros2/base_control_ros2.py to base_control_ros2.cpython-310.pyc
running install_data
copying resource/base_control_ros2 -> /home/amr/amr_ws/install/base_control_ros2/share/ament_index/resource_index/packages
copying package.xml -> /home/amr/amr_ws/install/base_control_ros2/share/base_control_ros2
copying launch/base_control.launch.py -> /home/amr/amr_ws/install/base_control_ros2/share/base_control_ros2/launch
copying launch/cartographer.launch.py -> /home/amr/amr_ws/install/base_control_ros2/share/base_control_ros2/launch
running install_egg_info
Copying ../../build/base_control_ros2/base_control_ros2.egg-info to /home/amr/amr_ws/install/base_control_ros2/lib/python3.10/site-packages/base_control_ros2-0.0.0-py3.10.egg-info
running install_scripts
Installing base_control_node script to /home/amr/amr_ws/install/base_control_ros2/lib/base_control_ros2
Installing test_node script to /home/amr/amr_ws/install/base_control_ros2/lib/base_control_ros2
writing list of installed files to '/home/amr/amr_ws/build/base_control_ros2/install.log'
