[3.813s] Invoking command in '/home/amr/amr_ws/build/base_control_ros2': PYTHONPATH=/home/amr/amr_ws/build/base_control_ros2/prefix_override:/usr/lib/python3/dist-packages/colcon_core/task/python/colcon_distutils_commands:/home/amr/amr_ws/install/base_control_ros2/lib/python3.10/site-packages:${PYTHONPATH} /usr/bin/python3 -W ignore:setup.py install is deprecated -W ignore:easy_install command is deprecated setup.py develop --uninstall --editable --build-directory /home/amr/amr_ws/build/base_control_ros2/build
[5.170s] running develop
[6.045s] Removing /home/amr/amr_ws/install/base_control_ros2/lib/python3.10/site-packages/base-control-ros2.egg-link (link to .)
[6.197s] Invoked command in '/home/amr/amr_ws/build/base_control_ros2' returned '0': PYTHONPATH=/home/amr/amr_ws/build/base_control_ros2/prefix_override:/usr/lib/python3/dist-packages/colcon_core/task/python/colcon_distutils_commands:/home/amr/amr_ws/install/base_control_ros2/lib/python3.10/site-packages:${PYTHONPATH} /usr/bin/python3 -W ignore:setup.py install is deprecated -W ignore:easy_install command is deprecated setup.py develop --uninstall --editable --build-directory /home/amr/amr_ws/build/base_control_ros2/build
[6.206s] Invoking command in '/home/amr/amr_ws/src/base_control_ros2': PYTHONPATH=/home/amr/amr_ws/build/base_control_ros2/prefix_override:/usr/lib/python3/dist-packages/colcon_core/task/python/colcon_distutils_commands:/home/amr/amr_ws/install/base_control_ros2/lib/python3.10/site-packages:${PYTHONPATH} /usr/bin/python3 -W ignore:setup.py install is deprecated -W ignore:easy_install command is deprecated setup.py egg_info --egg-base ../../build/base_control_ros2 build --build-base /home/amr/amr_ws/build/base_control_ros2/build install --record /home/amr/amr_ws/build/base_control_ros2/install.log --install-scripts $base/lib/base_control_ros2 --single-version-externally-managed install_data --force
[7.451s] running egg_info
[7.454s] writing ../../build/base_control_ros2/base_control_ros2.egg-info/PKG-INFO
[7.456s] writing dependency_links to ../../build/base_control_ros2/base_control_ros2.egg-info/dependency_links.txt
[7.457s] writing entry points to ../../build/base_control_ros2/base_control_ros2.egg-info/entry_points.txt
[7.458s] writing requirements to ../../build/base_control_ros2/base_control_ros2.egg-info/requires.txt
[7.459s] writing top-level names to ../../build/base_control_ros2/base_control_ros2.egg-info/top_level.txt
[7.473s] reading manifest file '../../build/base_control_ros2/base_control_ros2.egg-info/SOURCES.txt'
[7.479s] writing manifest file '../../build/base_control_ros2/base_control_ros2.egg-info/SOURCES.txt'
[7.480s] running build
[7.481s] running build_py
[7.482s] creating /home/amr/amr_ws/build/base_control_ros2/build
[7.483s] creating /home/amr/amr_ws/build/base_control_ros2/build/lib
[7.483s] creating /home/amr/amr_ws/build/base_control_ros2/build/lib/base_control_ros2
[7.484s] copying base_control_ros2/__init__.py -> /home/amr/amr_ws/build/base_control_ros2/build/lib/base_control_ros2
[7.485s] copying base_control_ros2/test_node.py -> /home/amr/amr_ws/build/base_control_ros2/build/lib/base_control_ros2
[7.487s] copying base_control_ros2/loopqueue.py -> /home/amr/amr_ws/build/base_control_ros2/build/lib/base_control_ros2
[7.489s] copying base_control_ros2/base_control_ros2.py -> /home/amr/amr_ws/build/base_control_ros2/build/lib/base_control_ros2
[7.491s] running install
[7.492s] running install_lib
[7.495s] creating /home/amr/amr_ws/install/base_control_ros2/lib/python3.10/site-packages/base_control_ros2
[7.496s] copying /home/amr/amr_ws/build/base_control_ros2/build/lib/base_control_ros2/__init__.py -> /home/amr/amr_ws/install/base_control_ros2/lib/python3.10/site-packages/base_control_ros2
[7.497s] copying /home/amr/amr_ws/build/base_control_ros2/build/lib/base_control_ros2/test_node.py -> /home/amr/amr_ws/install/base_control_ros2/lib/python3.10/site-packages/base_control_ros2
[7.498s] copying /home/amr/amr_ws/build/base_control_ros2/build/lib/base_control_ros2/loopqueue.py -> /home/amr/amr_ws/install/base_control_ros2/lib/python3.10/site-packages/base_control_ros2
[7.499s] copying /home/amr/amr_ws/build/base_control_ros2/build/lib/base_control_ros2/base_control_ros2.py -> /home/amr/amr_ws/install/base_control_ros2/lib/python3.10/site-packages/base_control_ros2
[7.502s] byte-compiling /home/amr/amr_ws/install/base_control_ros2/lib/python3.10/site-packages/base_control_ros2/__init__.py to __init__.cpython-310.pyc
[7.505s] byte-compiling /home/amr/amr_ws/install/base_control_ros2/lib/python3.10/site-packages/base_control_ros2/test_node.py to test_node.cpython-310.pyc
[7.506s] byte-compiling /home/amr/amr_ws/install/base_control_ros2/lib/python3.10/site-packages/base_control_ros2/loopqueue.py to loopqueue.cpython-310.pyc
[7.509s] byte-compiling /home/amr/amr_ws/install/base_control_ros2/lib/python3.10/site-packages/base_control_ros2/base_control_ros2.py to base_control_ros2.cpython-310.pyc
[7.533s] running install_data
[7.534s] copying resource/base_control_ros2 -> /home/amr/amr_ws/install/base_control_ros2/share/ament_index/resource_index/packages
[7.536s] copying package.xml -> /home/amr/amr_ws/install/base_control_ros2/share/base_control_ros2
[7.537s] copying launch/base_control.launch.py -> /home/amr/amr_ws/install/base_control_ros2/share/base_control_ros2/launch
[7.541s] copying launch/cartographer.launch.py -> /home/amr/amr_ws/install/base_control_ros2/share/base_control_ros2/launch
[7.541s] running install_egg_info
[7.549s] Copying ../../build/base_control_ros2/base_control_ros2.egg-info to /home/amr/amr_ws/install/base_control_ros2/lib/python3.10/site-packages/base_control_ros2-0.0.0-py3.10.egg-info
[7.557s] running install_scripts
[7.670s] Installing base_control_node script to /home/amr/amr_ws/install/base_control_ros2/lib/base_control_ros2
[7.671s] Installing test_node script to /home/amr/amr_ws/install/base_control_ros2/lib/base_control_ros2
[7.672s] writing list of installed files to '/home/amr/amr_ws/build/base_control_ros2/install.log'
[7.815s] Invoked command in '/home/amr/amr_ws/src/base_control_ros2' returned '0': PYTHONPATH=/home/amr/amr_ws/build/base_control_ros2/prefix_override:/usr/lib/python3/dist-packages/colcon_core/task/python/colcon_distutils_commands:/home/amr/amr_ws/install/base_control_ros2/lib/python3.10/site-packages:${PYTHONPATH} /usr/bin/python3 -W ignore:setup.py install is deprecated -W ignore:easy_install command is deprecated setup.py egg_info --egg-base ../../build/base_control_ros2 build --build-base /home/amr/amr_ws/build/base_control_ros2/build install --record /home/amr/amr_ws/build/base_control_ros2/install.log --install-scripts $base/lib/base_control_ros2 --single-version-externally-managed install_data --force
