[0.427s] DEBUG:colcon:Command line arguments: ['/usr/bin/colcon', 'build', '--symlink-install', '--parallel-workers', '1']
[0.428s] DEBUG:colcon:Parsed command line arguments: Namespace(log_base=None, log_level=None, verb_name='build', build_base='build', install_base='install', merge_install=False, symlink_install=True, test_result_base=None, continue_on_error=False, executor='parallel', parallel_workers=1, event_handlers=None, ignore_user_meta=False, metas=['./colcon.meta'], base_paths=['.'], packages_ignore=None, packages_ignore_regex=None, paths=None, packages_up_to=None, packages_up_to_regex=None, packages_above=None, packages_above_and_dependencies=None, packages_above_depth=None, packages_select_by_dep=None, packages_skip_by_dep=None, packages_skip_up_to=None, packages_select_build_failed=False, packages_skip_build_finished=False, packages_select_test_failures=False, packages_skip_test_passed=False, packages_select=None, packages_skip=None, packages_select_regex=None, packages_skip_regex=None, packages_start=None, packages_end=None, allow_overriding=[], cmake_args=None, cmake_target=None, cmake_target_skip_unavailable=False, cmake_clean_cache=False, cmake_clean_first=False, cmake_force_configure=False, ament_cmake_args=None, catkin_cmake_args=None, catkin_skip_building_tests=False, mixin_files=None, mixin=None, verb_parser=<colcon_mixin.mixin.mixin_argument.MixinArgumentDecorator object at 0xffff8c0f8070>, verb_extension=<colcon_core.verb.build.BuildVerb object at 0xffff8c1ec850>, main=<bound method BuildVerb.main of <colcon_core.verb.build.BuildVerb object at 0xffff8c1ec850>>, mixin_verb=('build',))
[1.071s] Level 1:colcon.colcon_core.package_discovery:discover_packages(colcon_meta) check parameters
[1.072s] Level 1:colcon.colcon_core.package_discovery:discover_packages(recursive) check parameters
[1.072s] Level 1:colcon.colcon_core.package_discovery:discover_packages(ignore) check parameters
[1.072s] Level 1:colcon.colcon_core.package_discovery:discover_packages(path) check parameters
[1.072s] Level 1:colcon.colcon_core.package_discovery:discover_packages(colcon_meta) discover
[1.072s] Level 1:colcon.colcon_core.package_discovery:discover_packages(recursive) discover
[1.072s] INFO:colcon.colcon_core.package_discovery:Crawling recursively for packages in '/home/amr/amr_ws'
[1.073s] Level 1:colcon.colcon_core.package_identification:_identify(.) by extensions ['ignore', 'ignore_ament_install']
[1.073s] Level 1:colcon.colcon_core.package_identification:_identify(.) by extension 'ignore'
[1.073s] Level 1:colcon.colcon_core.package_identification:_identify(.) by extension 'ignore_ament_install'
[1.074s] Level 1:colcon.colcon_core.package_identification:_identify(.) by extensions ['colcon_pkg']
[1.074s] Level 1:colcon.colcon_core.package_identification:_identify(.) by extension 'colcon_pkg'
[1.074s] Level 1:colcon.colcon_core.package_identification:_identify(.) by extensions ['colcon_meta']
[1.074s] Level 1:colcon.colcon_core.package_identification:_identify(.) by extension 'colcon_meta'
[1.074s] Level 1:colcon.colcon_core.package_identification:_identify(.) by extensions ['ros']
[1.074s] Level 1:colcon.colcon_core.package_identification:_identify(.) by extension 'ros'
[1.122s] Level 1:colcon.colcon_core.package_identification:_identify(.) by extensions ['cmake', 'python']
[1.122s] Level 1:colcon.colcon_core.package_identification:_identify(.) by extension 'cmake'
[1.123s] Level 1:colcon.colcon_core.package_identification:_identify(.) by extension 'python'
[1.123s] Level 1:colcon.colcon_core.package_identification:_identify(.) by extensions ['python_setup_py']
[1.123s] Level 1:colcon.colcon_core.package_identification:_identify(.) by extension 'python_setup_py'
[1.123s] Level 1:colcon.colcon_core.package_identification:_identify(build) by extensions ['ignore', 'ignore_ament_install']
[1.124s] Level 1:colcon.colcon_core.package_identification:_identify(build) by extension 'ignore'
[1.124s] Level 1:colcon.colcon_core.package_identification:_identify(build) ignored
[1.125s] Level 1:colcon.colcon_core.package_identification:_identify(install) by extensions ['ignore', 'ignore_ament_install']
[1.125s] Level 1:colcon.colcon_core.package_identification:_identify(install) by extension 'ignore'
[1.125s] Level 1:colcon.colcon_core.package_identification:_identify(install) ignored
[1.125s] Level 1:colcon.colcon_core.package_identification:_identify(log) by extensions ['ignore', 'ignore_ament_install']
[1.126s] Level 1:colcon.colcon_core.package_identification:_identify(log) by extension 'ignore'
[1.126s] Level 1:colcon.colcon_core.package_identification:_identify(log) ignored
[1.126s] Level 1:colcon.colcon_core.package_identification:_identify(src) by extensions ['ignore', 'ignore_ament_install']
[1.127s] Level 1:colcon.colcon_core.package_identification:_identify(src) by extension 'ignore'
[1.127s] Level 1:colcon.colcon_core.package_identification:_identify(src) by extension 'ignore_ament_install'
[1.127s] Level 1:colcon.colcon_core.package_identification:_identify(src) by extensions ['colcon_pkg']
[1.127s] Level 1:colcon.colcon_core.package_identification:_identify(src) by extension 'colcon_pkg'
[1.127s] Level 1:colcon.colcon_core.package_identification:_identify(src) by extensions ['colcon_meta']
[1.127s] Level 1:colcon.colcon_core.package_identification:_identify(src) by extension 'colcon_meta'
[1.127s] Level 1:colcon.colcon_core.package_identification:_identify(src) by extensions ['ros']
[1.128s] Level 1:colcon.colcon_core.package_identification:_identify(src) by extension 'ros'
[1.128s] Level 1:colcon.colcon_core.package_identification:_identify(src) by extensions ['cmake', 'python']
[1.128s] Level 1:colcon.colcon_core.package_identification:_identify(src) by extension 'cmake'
[1.128s] Level 1:colcon.colcon_core.package_identification:_identify(src) by extension 'python'
[1.128s] Level 1:colcon.colcon_core.package_identification:_identify(src) by extensions ['python_setup_py']
[1.129s] Level 1:colcon.colcon_core.package_identification:_identify(src) by extension 'python_setup_py'
[1.129s] Level 1:colcon.colcon_core.package_identification:_identify(src/base_control_ros2) by extensions ['ignore', 'ignore_ament_install']
[1.129s] Level 1:colcon.colcon_core.package_identification:_identify(src/base_control_ros2) by extension 'ignore'
[1.129s] Level 1:colcon.colcon_core.package_identification:_identify(src/base_control_ros2) by extension 'ignore_ament_install'
[1.130s] Level 1:colcon.colcon_core.package_identification:_identify(src/base_control_ros2) by extensions ['colcon_pkg']
[1.130s] Level 1:colcon.colcon_core.package_identification:_identify(src/base_control_ros2) by extension 'colcon_pkg'
[1.130s] Level 1:colcon.colcon_core.package_identification:_identify(src/base_control_ros2) by extensions ['colcon_meta']
[1.130s] Level 1:colcon.colcon_core.package_identification:_identify(src/base_control_ros2) by extension 'colcon_meta'
[1.130s] Level 1:colcon.colcon_core.package_identification:_identify(src/base_control_ros2) by extensions ['ros']
[1.130s] Level 1:colcon.colcon_core.package_identification:_identify(src/base_control_ros2) by extension 'ros'
[1.138s] DEBUG:colcon.colcon_core.package_identification:Package 'src/base_control_ros2' with type 'ros.ament_python' and name 'base_control_ros2'
[1.139s] Level 1:colcon.colcon_core.package_discovery:discover_packages(recursive) using defaults
[1.139s] Level 1:colcon.colcon_core.package_discovery:discover_packages(ignore) discover
[1.139s] Level 1:colcon.colcon_core.package_discovery:discover_packages(ignore) using defaults
[1.139s] Level 1:colcon.colcon_core.package_discovery:discover_packages(path) discover
[1.139s] Level 1:colcon.colcon_core.package_discovery:discover_packages(path) using defaults
[1.215s] Level 1:colcon.colcon_core.package_discovery:discover_packages(prefix_path) check parameters
[1.215s] Level 1:colcon.colcon_core.package_discovery:discover_packages(prefix_path) discover
[1.227s] DEBUG:colcon.colcon_installed_package_information.package_discovery:Found 184 installed packages in /opt/ros/humble
[1.231s] Level 1:colcon.colcon_core.package_discovery:discover_packages(prefix_path) using defaults
[1.382s] Level 5:colcon.colcon_core.verb:set package 'base_control_ros2' build argument 'cmake_args' from command line to 'None'
[1.383s] Level 5:colcon.colcon_core.verb:set package 'base_control_ros2' build argument 'cmake_target' from command line to 'None'
[1.383s] Level 5:colcon.colcon_core.verb:set package 'base_control_ros2' build argument 'cmake_target_skip_unavailable' from command line to 'False'
[1.383s] Level 5:colcon.colcon_core.verb:set package 'base_control_ros2' build argument 'cmake_clean_cache' from command line to 'False'
[1.383s] Level 5:colcon.colcon_core.verb:set package 'base_control_ros2' build argument 'cmake_clean_first' from command line to 'False'
[1.383s] Level 5:colcon.colcon_core.verb:set package 'base_control_ros2' build argument 'cmake_force_configure' from command line to 'False'
[1.383s] Level 5:colcon.colcon_core.verb:set package 'base_control_ros2' build argument 'ament_cmake_args' from command line to 'None'
[1.383s] Level 5:colcon.colcon_core.verb:set package 'base_control_ros2' build argument 'catkin_cmake_args' from command line to 'None'
[1.383s] Level 5:colcon.colcon_core.verb:set package 'base_control_ros2' build argument 'catkin_skip_building_tests' from command line to 'False'
[1.384s] DEBUG:colcon.colcon_core.verb:Building package 'base_control_ros2' with the following arguments: {'ament_cmake_args': None, 'build_base': '/home/amr/amr_ws/build/base_control_ros2', 'catkin_cmake_args': None, 'catkin_skip_building_tests': False, 'cmake_args': None, 'cmake_clean_cache': False, 'cmake_clean_first': False, 'cmake_force_configure': False, 'cmake_target': None, 'cmake_target_skip_unavailable': False, 'install_base': '/home/amr/amr_ws/install/base_control_ros2', 'merge_install': False, 'path': '/home/amr/amr_ws/src/base_control_ros2', 'symlink_install': True, 'test_result_base': None}
[1.384s] INFO:colcon.colcon_core.executor:Executing jobs using 'parallel' executor
[1.387s] DEBUG:colcon.colcon_parallel_executor.executor.parallel:run_until_complete
[1.388s] INFO:colcon.colcon_ros.task.ament_python.build:Building ROS package in '/home/amr/amr_ws/src/base_control_ros2' with build type 'ament_python'
[1.389s] Level 1:colcon.colcon_core.shell:create_environment_hook('base_control_ros2', 'ament_prefix_path')
[1.397s] INFO:colcon.colcon_core.plugin_system:Skipping extension 'colcon_core.shell.bat': Not used on non-Windows systems
[1.398s] INFO:colcon.colcon_core.shell:Creating environment hook '/home/amr/amr_ws/install/base_control_ros2/share/base_control_ros2/hook/ament_prefix_path.ps1'
[1.401s] INFO:colcon.colcon_core.shell:Creating environment descriptor '/home/amr/amr_ws/install/base_control_ros2/share/base_control_ros2/hook/ament_prefix_path.dsv'
[1.403s] INFO:colcon.colcon_core.shell:Creating environment hook '/home/amr/amr_ws/install/base_control_ros2/share/base_control_ros2/hook/ament_prefix_path.sh'
[1.407s] INFO:colcon.colcon_core.shell:Skip shell extension 'powershell' for command environment: Not usable outside of PowerShell
[1.407s] DEBUG:colcon.colcon_core.shell:Skip shell extension 'dsv' for command environment
[2.412s] INFO:colcon.colcon_core.task.python.build:Building Python package in '/home/amr/amr_ws/src/base_control_ros2'
[2.413s] INFO:colcon.colcon_core.shell:Skip shell extension 'powershell' for command environment: Not usable outside of PowerShell
[2.413s] DEBUG:colcon.colcon_core.shell:Skip shell extension 'dsv' for command environment
[3.840s] DEBUG:colcon.colcon_core.task.python.build:Available setuptools commands: build, build_scripts, install_lib, bdist_dumb, alias, install_egg_info, clean, install_headers, install_scripts, sdist, bdist_rpm, register, bdist_egg, init_catalog, upload, update_catalog, saveopts, install_data, rotate, bdist_wheel, compile_catalog, dist_info, check, setopt, easy_install, install, upload_docs, symlink_data, egg_info, test, build_py, develop, build_clib, build_ext, bdist, extract_messages
[4.945s] DEBUG:colcon.colcon_core.task.python.build:Available setuptools 'develop' options: --multi-version, --install-layout, --uninstall, --always-copy, --verbose, --force-installation-into-system-dir, --find-links, --zip-ok, --index-url, --exclude-scripts, --record, --site-dirs, --quiet, --no-user-cfg, --always-unzip, --local-snapshots-ok, --help, --editable, --user, --optimize, --build-directory, --no-find-links, --script-dir, --install-dir, --no-deps, --egg-path, --dry-run, --allow-hosts, --version, --upgrade, --prefix
[4.961s] DEBUG:colcon.colcon_core.event_handler.log_command:Invoking command in '/home/amr/amr_ws/build/base_control_ros2': PYTHONPATH=/home/amr/amr_ws/build/base_control_ros2/prefix_override:/usr/lib/python3/dist-packages/colcon_core/task/python/colcon_distutils_commands:/home/amr/amr_ws/install/base_control_ros2/lib/python3.10/site-packages:${PYTHONPATH} /usr/bin/python3 -W ignore:setup.py install is deprecated -W ignore:easy_install command is deprecated setup.py develop --editable --build-directory /home/amr/amr_ws/build/base_control_ros2/build --no-deps symlink_data
[6.681s] Level 1:colcon.colcon_core.shell:create_environment_hook('base_control_ros2', 'pythonpath_develop')
[6.682s] INFO:colcon.colcon_core.shell:Creating environment hook '/home/amr/amr_ws/build/base_control_ros2/share/base_control_ros2/hook/pythonpath_develop.ps1'
[6.683s] DEBUG:colcon.colcon_core.event_handler.log_command:Invoked command in '/home/amr/amr_ws/build/base_control_ros2' returned '0': PYTHONPATH=/home/amr/amr_ws/build/base_control_ros2/prefix_override:/usr/lib/python3/dist-packages/colcon_core/task/python/colcon_distutils_commands:/home/amr/amr_ws/install/base_control_ros2/lib/python3.10/site-packages:${PYTHONPATH} /usr/bin/python3 -W ignore:setup.py install is deprecated -W ignore:easy_install command is deprecated setup.py develop --editable --build-directory /home/amr/amr_ws/build/base_control_ros2/build --no-deps symlink_data
[6.685s] INFO:colcon.colcon_core.shell:Creating environment descriptor '/home/amr/amr_ws/build/base_control_ros2/share/base_control_ros2/hook/pythonpath_develop.dsv'
[6.687s] INFO:colcon.colcon_core.shell:Creating environment hook '/home/amr/amr_ws/build/base_control_ros2/share/base_control_ros2/hook/pythonpath_develop.sh'
[6.698s] Level 1:colcon.colcon_core.environment:checking '/home/amr/amr_ws/install/base_control_ros2' for CMake module files
[6.701s] Level 1:colcon.colcon_core.environment:checking '/home/amr/amr_ws/install/base_control_ros2' for CMake config files
[6.704s] Level 1:colcon.colcon_core.environment:checking '/home/amr/amr_ws/install/base_control_ros2/lib'
[6.705s] Level 1:colcon.colcon_core.environment:checking '/home/amr/amr_ws/install/base_control_ros2/bin'
[6.705s] Level 1:colcon.colcon_core.environment:checking '/home/amr/amr_ws/install/base_control_ros2/lib/pkgconfig/base_control_ros2.pc'
[6.706s] Level 1:colcon.colcon_core.environment:checking '/home/amr/amr_ws/install/base_control_ros2/lib/python3.10/site-packages'
[6.706s] Level 1:colcon.colcon_core.shell:create_environment_hook('base_control_ros2', 'pythonpath')
[6.707s] INFO:colcon.colcon_core.shell:Creating environment hook '/home/amr/amr_ws/install/base_control_ros2/share/base_control_ros2/hook/pythonpath.ps1'
[6.709s] INFO:colcon.colcon_core.shell:Creating environment descriptor '/home/amr/amr_ws/install/base_control_ros2/share/base_control_ros2/hook/pythonpath.dsv'
[6.711s] INFO:colcon.colcon_core.shell:Creating environment hook '/home/amr/amr_ws/install/base_control_ros2/share/base_control_ros2/hook/pythonpath.sh'
[6.714s] Level 1:colcon.colcon_core.environment:checking '/home/amr/amr_ws/install/base_control_ros2/bin'
[6.714s] Level 1:colcon.colcon_core.environment:create_environment_scripts_only(base_control_ros2)
[6.715s] INFO:colcon.colcon_core.shell:Creating package script '/home/amr/amr_ws/install/base_control_ros2/share/base_control_ros2/package.ps1'
[6.721s] INFO:colcon.colcon_core.shell:Creating package descriptor '/home/amr/amr_ws/install/base_control_ros2/share/base_control_ros2/package.dsv'
[6.724s] INFO:colcon.colcon_core.shell:Creating package script '/home/amr/amr_ws/install/base_control_ros2/share/base_control_ros2/package.sh'
[6.727s] INFO:colcon.colcon_core.shell:Creating package script '/home/amr/amr_ws/install/base_control_ros2/share/base_control_ros2/package.bash'
[6.731s] INFO:colcon.colcon_core.shell:Creating package script '/home/amr/amr_ws/install/base_control_ros2/share/base_control_ros2/package.zsh'
[6.734s] Level 1:colcon.colcon_core.environment:create_file_with_runtime_dependencies(/home/amr/amr_ws/install/base_control_ros2/share/colcon-core/packages/base_control_ros2)
[6.735s] DEBUG:colcon.colcon_parallel_executor.executor.parallel:closing loop
[6.736s] DEBUG:colcon.colcon_parallel_executor.executor.parallel:loop closed
[6.737s] DEBUG:colcon.colcon_parallel_executor.executor.parallel:run_until_complete finished with '0'
[6.737s] DEBUG:colcon.colcon_core.event_reactor:joining thread
[6.738s] DEBUG:colcon.colcon_core.event_reactor:joined thread
[6.739s] INFO:colcon.colcon_core.shell:Creating prefix script '/home/amr/amr_ws/install/local_setup.ps1'
[6.743s] INFO:colcon.colcon_core.shell:Creating prefix util module '/home/amr/amr_ws/install/_local_setup_util_ps1.py'
[6.750s] INFO:colcon.colcon_core.shell:Creating prefix chain script '/home/amr/amr_ws/install/setup.ps1'
[6.756s] INFO:colcon.colcon_core.shell:Creating prefix script '/home/amr/amr_ws/install/local_setup.sh'
[6.759s] INFO:colcon.colcon_core.shell:Creating prefix util module '/home/amr/amr_ws/install/_local_setup_util_sh.py'
[6.762s] INFO:colcon.colcon_core.shell:Creating prefix chain script '/home/amr/amr_ws/install/setup.sh'
[6.766s] INFO:colcon.colcon_core.shell:Creating prefix script '/home/amr/amr_ws/install/local_setup.bash'
[6.768s] INFO:colcon.colcon_core.shell:Creating prefix chain script '/home/amr/amr_ws/install/setup.bash'
[6.772s] INFO:colcon.colcon_core.shell:Creating prefix script '/home/amr/amr_ws/install/local_setup.zsh'
[6.774s] INFO:colcon.colcon_core.shell:Creating prefix chain script '/home/amr/amr_ws/install/setup.zsh'
