[1.097s] DEBUG:colcon:Command line arguments: ['/usr/bin/colcon', 'build', '--packages-select', 'amr_description']
[1.098s] DEBUG:colcon:Parsed command line arguments: Namespace(log_base=None, log_level=None, verb_name='build', build_base='build', install_base='install', merge_install=False, symlink_install=False, test_result_base=None, continue_on_error=False, executor='parallel', parallel_workers=4, event_handlers=None, ignore_user_meta=False, metas=['./colcon.meta'], base_paths=['.'], packages_ignore=None, packages_ignore_regex=None, paths=None, packages_up_to=None, packages_up_to_regex=None, packages_above=None, packages_above_and_dependencies=None, packages_above_depth=None, packages_select_by_dep=None, packages_skip_by_dep=None, packages_skip_up_to=None, packages_select_build_failed=False, packages_skip_build_finished=False, packages_select_test_failures=False, packages_skip_test_passed=False, packages_select=['amr_description'], packages_skip=None, packages_select_regex=None, packages_skip_regex=None, packages_start=None, packages_end=None, allow_overriding=[], cmake_args=None, cmake_target=None, cmake_target_skip_unavailable=False, cmake_clean_cache=False, cmake_clean_first=False, cmake_force_configure=False, ament_cmake_args=None, catkin_cmake_args=None, catkin_skip_building_tests=False, mixin_files=None, mixin=None, verb_parser=<colcon_mixin.mixin.mixin_argument.MixinArgumentDecorator object at 0xffff826b4ca0>, verb_extension=<colcon_core.verb.build.BuildVerb object at 0xffff827c1ea0>, main=<bound method BuildVerb.main of <colcon_core.verb.build.BuildVerb object at 0xffff827c1ea0>>, mixin_verb=('build',))
[3.038s] Level 1:colcon.colcon_core.package_discovery:discover_packages(colcon_meta) check parameters
[3.038s] Level 1:colcon.colcon_core.package_discovery:discover_packages(recursive) check parameters
[3.039s] Level 1:colcon.colcon_core.package_discovery:discover_packages(ignore) check parameters
[3.039s] Level 1:colcon.colcon_core.package_discovery:discover_packages(path) check parameters
[3.039s] Level 1:colcon.colcon_core.package_discovery:discover_packages(colcon_meta) discover
[3.040s] Level 1:colcon.colcon_core.package_discovery:discover_packages(recursive) discover
[3.040s] INFO:colcon.colcon_core.package_discovery:Crawling recursively for packages in '/home/amr/amr_ws'
[3.041s] Level 1:colcon.colcon_core.package_identification:_identify(.) by extensions ['ignore', 'ignore_ament_install']
[3.042s] Level 1:colcon.colcon_core.package_identification:_identify(.) by extension 'ignore'
[3.043s] Level 1:colcon.colcon_core.package_identification:_identify(.) by extension 'ignore_ament_install'
[3.044s] Level 1:colcon.colcon_core.package_identification:_identify(.) by extensions ['colcon_pkg']
[3.044s] Level 1:colcon.colcon_core.package_identification:_identify(.) by extension 'colcon_pkg'
[3.045s] Level 1:colcon.colcon_core.package_identification:_identify(.) by extensions ['colcon_meta']
[3.045s] Level 1:colcon.colcon_core.package_identification:_identify(.) by extension 'colcon_meta'
[3.046s] Level 1:colcon.colcon_core.package_identification:_identify(.) by extensions ['ros']
[3.046s] Level 1:colcon.colcon_core.package_identification:_identify(.) by extension 'ros'
[3.112s] Level 1:colcon.colcon_core.package_identification:_identify(.) by extensions ['cmake', 'python']
[3.113s] Level 1:colcon.colcon_core.package_identification:_identify(.) by extension 'cmake'
[3.113s] Level 1:colcon.colcon_core.package_identification:_identify(.) by extension 'python'
[3.114s] Level 1:colcon.colcon_core.package_identification:_identify(.) by extensions ['python_setup_py']
[3.114s] Level 1:colcon.colcon_core.package_identification:_identify(.) by extension 'python_setup_py'
[3.115s] Level 1:colcon.colcon_core.package_identification:_identify(build) by extensions ['ignore', 'ignore_ament_install']
[3.116s] Level 1:colcon.colcon_core.package_identification:_identify(build) by extension 'ignore'
[3.116s] Level 1:colcon.colcon_core.package_identification:_identify(build) ignored
[3.118s] Level 1:colcon.colcon_core.package_identification:_identify(install) by extensions ['ignore', 'ignore_ament_install']
[3.119s] Level 1:colcon.colcon_core.package_identification:_identify(install) by extension 'ignore'
[3.119s] Level 1:colcon.colcon_core.package_identification:_identify(install) ignored
[3.120s] Level 1:colcon.colcon_core.package_identification:_identify(log) by extensions ['ignore', 'ignore_ament_install']
[3.121s] Level 1:colcon.colcon_core.package_identification:_identify(log) by extension 'ignore'
[3.121s] Level 1:colcon.colcon_core.package_identification:_identify(log) ignored
[3.122s] Level 1:colcon.colcon_core.package_identification:_identify(maps) by extensions ['ignore', 'ignore_ament_install']
[3.122s] Level 1:colcon.colcon_core.package_identification:_identify(maps) by extension 'ignore'
[3.122s] Level 1:colcon.colcon_core.package_identification:_identify(maps) by extension 'ignore_ament_install'
[3.123s] Level 1:colcon.colcon_core.package_identification:_identify(maps) by extensions ['colcon_pkg']
[3.123s] Level 1:colcon.colcon_core.package_identification:_identify(maps) by extension 'colcon_pkg'
[3.123s] Level 1:colcon.colcon_core.package_identification:_identify(maps) by extensions ['colcon_meta']
[3.123s] Level 1:colcon.colcon_core.package_identification:_identify(maps) by extension 'colcon_meta'
[3.123s] Level 1:colcon.colcon_core.package_identification:_identify(maps) by extensions ['ros']
[3.123s] Level 1:colcon.colcon_core.package_identification:_identify(maps) by extension 'ros'
[3.124s] Level 1:colcon.colcon_core.package_identification:_identify(maps) by extensions ['cmake', 'python']
[3.124s] Level 1:colcon.colcon_core.package_identification:_identify(maps) by extension 'cmake'
[3.124s] Level 1:colcon.colcon_core.package_identification:_identify(maps) by extension 'python'
[3.125s] Level 1:colcon.colcon_core.package_identification:_identify(maps) by extensions ['python_setup_py']
[3.125s] Level 1:colcon.colcon_core.package_identification:_identify(maps) by extension 'python_setup_py'
[3.126s] Level 1:colcon.colcon_core.package_identification:_identify(src) by extensions ['ignore', 'ignore_ament_install']
[3.127s] Level 1:colcon.colcon_core.package_identification:_identify(src) by extension 'ignore'
[3.127s] Level 1:colcon.colcon_core.package_identification:_identify(src) by extension 'ignore_ament_install'
[3.128s] Level 1:colcon.colcon_core.package_identification:_identify(src) by extensions ['colcon_pkg']
[3.128s] Level 1:colcon.colcon_core.package_identification:_identify(src) by extension 'colcon_pkg'
[3.128s] Level 1:colcon.colcon_core.package_identification:_identify(src) by extensions ['colcon_meta']
[3.128s] Level 1:colcon.colcon_core.package_identification:_identify(src) by extension 'colcon_meta'
[3.129s] Level 1:colcon.colcon_core.package_identification:_identify(src) by extensions ['ros']
[3.129s] Level 1:colcon.colcon_core.package_identification:_identify(src) by extension 'ros'
[3.130s] Level 1:colcon.colcon_core.package_identification:_identify(src) by extensions ['cmake', 'python']
[3.130s] Level 1:colcon.colcon_core.package_identification:_identify(src) by extension 'cmake'
[3.130s] Level 1:colcon.colcon_core.package_identification:_identify(src) by extension 'python'
[3.131s] Level 1:colcon.colcon_core.package_identification:_identify(src) by extensions ['python_setup_py']
[3.131s] Level 1:colcon.colcon_core.package_identification:_identify(src) by extension 'python_setup_py'
[3.132s] Level 1:colcon.colcon_core.package_identification:_identify(src/amr_description) by extensions ['ignore', 'ignore_ament_install']
[3.132s] Level 1:colcon.colcon_core.package_identification:_identify(src/amr_description) by extension 'ignore'
[3.133s] Level 1:colcon.colcon_core.package_identification:_identify(src/amr_description) by extension 'ignore_ament_install'
[3.134s] Level 1:colcon.colcon_core.package_identification:_identify(src/amr_description) by extensions ['colcon_pkg']
[3.134s] Level 1:colcon.colcon_core.package_identification:_identify(src/amr_description) by extension 'colcon_pkg'
[3.135s] Level 1:colcon.colcon_core.package_identification:_identify(src/amr_description) by extensions ['colcon_meta']
[3.135s] Level 1:colcon.colcon_core.package_identification:_identify(src/amr_description) by extension 'colcon_meta'
[3.136s] Level 1:colcon.colcon_core.package_identification:_identify(src/amr_description) by extensions ['ros']
[3.136s] Level 1:colcon.colcon_core.package_identification:_identify(src/amr_description) by extension 'ros'
[3.151s] DEBUG:colcon.colcon_core.package_identification:Package 'src/amr_description' with type 'ros.ament_cmake' and name 'amr_description'
[3.153s] Level 1:colcon.colcon_core.package_identification:_identify(src/base_control_ros2) by extensions ['ignore', 'ignore_ament_install']
[3.154s] Level 1:colcon.colcon_core.package_identification:_identify(src/base_control_ros2) by extension 'ignore'
[3.154s] Level 1:colcon.colcon_core.package_identification:_identify(src/base_control_ros2) by extension 'ignore_ament_install'
[3.154s] Level 1:colcon.colcon_core.package_identification:_identify(src/base_control_ros2) by extensions ['colcon_pkg']
[3.154s] Level 1:colcon.colcon_core.package_identification:_identify(src/base_control_ros2) by extension 'colcon_pkg'
[3.155s] Level 1:colcon.colcon_core.package_identification:_identify(src/base_control_ros2) by extensions ['colcon_meta']
[3.155s] Level 1:colcon.colcon_core.package_identification:_identify(src/base_control_ros2) by extension 'colcon_meta'
[3.156s] Level 1:colcon.colcon_core.package_identification:_identify(src/base_control_ros2) by extensions ['ros']
[3.156s] Level 1:colcon.colcon_core.package_identification:_identify(src/base_control_ros2) by extension 'ros'
[3.161s] DEBUG:colcon.colcon_core.package_identification:Package 'src/base_control_ros2' with type 'ros.ament_python' and name 'base_control_ros2'
[3.163s] Level 1:colcon.colcon_core.package_identification:_identify(src/sllidar_ros2) by extensions ['ignore', 'ignore_ament_install']
[3.164s] Level 1:colcon.colcon_core.package_identification:_identify(src/sllidar_ros2) by extension 'ignore'
[3.164s] Level 1:colcon.colcon_core.package_identification:_identify(src/sllidar_ros2) by extension 'ignore_ament_install'
[3.165s] Level 1:colcon.colcon_core.package_identification:_identify(src/sllidar_ros2) by extensions ['colcon_pkg']
[3.165s] Level 1:colcon.colcon_core.package_identification:_identify(src/sllidar_ros2) by extension 'colcon_pkg'
[3.166s] Level 1:colcon.colcon_core.package_identification:_identify(src/sllidar_ros2) by extensions ['colcon_meta']
[3.167s] Level 1:colcon.colcon_core.package_identification:_identify(src/sllidar_ros2) by extension 'colcon_meta'
[3.168s] Level 1:colcon.colcon_core.package_identification:_identify(src/sllidar_ros2) by extensions ['ros']
[3.168s] Level 1:colcon.colcon_core.package_identification:_identify(src/sllidar_ros2) by extension 'ros'
[3.175s] DEBUG:colcon.colcon_core.package_identification:Package 'src/sllidar_ros2' with type 'ros.ament_cmake' and name 'sllidar_ros2'
[3.175s] Level 1:colcon.colcon_core.package_discovery:discover_packages(recursive) using defaults
[3.176s] Level 1:colcon.colcon_core.package_discovery:discover_packages(ignore) discover
[3.176s] Level 1:colcon.colcon_core.package_discovery:discover_packages(ignore) using defaults
[3.176s] Level 1:colcon.colcon_core.package_discovery:discover_packages(path) discover
[3.176s] Level 1:colcon.colcon_core.package_discovery:discover_packages(path) using defaults
[3.329s] INFO:colcon.colcon_core.package_selection:Skipping not selected package 'base_control_ros2' in 'src/base_control_ros2'
[3.329s] INFO:colcon.colcon_core.package_selection:Skipping not selected package 'sllidar_ros2' in 'src/sllidar_ros2'
[3.333s] Level 1:colcon.colcon_core.package_discovery:discover_packages(prefix_path) check parameters
[3.333s] Level 1:colcon.colcon_core.package_discovery:discover_packages(prefix_path) discover
[3.359s] DEBUG:colcon.colcon_installed_package_information.package_discovery:Found 3 installed packages in /home/amr/amr_ws/install
[3.371s] DEBUG:colcon.colcon_installed_package_information.package_discovery:Found 249 installed packages in /opt/ros/humble
[3.433s] Level 1:colcon.colcon_core.package_discovery:discover_packages(prefix_path) using defaults
[3.675s] Level 5:colcon.colcon_core.verb:set package 'amr_description' build argument 'cmake_args' from command line to 'None'
[3.676s] Level 5:colcon.colcon_core.verb:set package 'amr_description' build argument 'cmake_target' from command line to 'None'
[3.676s] Level 5:colcon.colcon_core.verb:set package 'amr_description' build argument 'cmake_target_skip_unavailable' from command line to 'False'
[3.676s] Level 5:colcon.colcon_core.verb:set package 'amr_description' build argument 'cmake_clean_cache' from command line to 'False'
[3.676s] Level 5:colcon.colcon_core.verb:set package 'amr_description' build argument 'cmake_clean_first' from command line to 'False'
[3.677s] Level 5:colcon.colcon_core.verb:set package 'amr_description' build argument 'cmake_force_configure' from command line to 'False'
[3.677s] Level 5:colcon.colcon_core.verb:set package 'amr_description' build argument 'ament_cmake_args' from command line to 'None'
[3.677s] Level 5:colcon.colcon_core.verb:set package 'amr_description' build argument 'catkin_cmake_args' from command line to 'None'
[3.677s] Level 5:colcon.colcon_core.verb:set package 'amr_description' build argument 'catkin_skip_building_tests' from command line to 'False'
[3.677s] DEBUG:colcon.colcon_core.verb:Building package 'amr_description' with the following arguments: {'ament_cmake_args': None, 'build_base': '/home/amr/amr_ws/build/amr_description', 'catkin_cmake_args': None, 'catkin_skip_building_tests': False, 'cmake_args': None, 'cmake_clean_cache': False, 'cmake_clean_first': False, 'cmake_force_configure': False, 'cmake_target': None, 'cmake_target_skip_unavailable': False, 'install_base': '/home/amr/amr_ws/install/amr_description', 'merge_install': False, 'path': '/home/amr/amr_ws/src/amr_description', 'symlink_install': False, 'test_result_base': None}
[3.678s] INFO:colcon.colcon_core.executor:Executing jobs using 'parallel' executor
[3.682s] DEBUG:colcon.colcon_parallel_executor.executor.parallel:run_until_complete
[3.683s] INFO:colcon.colcon_ros.task.ament_cmake.build:Building ROS package in '/home/amr/amr_ws/src/amr_description' with build type 'ament_cmake'
[3.683s] INFO:colcon.colcon_cmake.task.cmake.build:Building CMake package in '/home/amr/amr_ws/src/amr_description'
[3.709s] INFO:colcon.colcon_core.plugin_system:Skipping extension 'colcon_core.shell.bat': Not used on non-Windows systems
[3.710s] INFO:colcon.colcon_core.shell:Skip shell extension 'powershell' for command environment: Not usable outside of PowerShell
[3.711s] DEBUG:colcon.colcon_core.shell:Skip shell extension 'dsv' for command environment
[3.761s] DEBUG:colcon.colcon_core.event_handler.log_command:Invoking command in '/home/amr/amr_ws/build/amr_description': CMAKE_PREFIX_PATH=${CMAKE_PREFIX_PATH}:/home/amr/amr_ws/install/base_control_ros2:/opt/ros/humble /usr/bin/cmake /home/amr/amr_ws/src/amr_description -DCMAKE_INSTALL_PREFIX=/home/amr/amr_ws/install/amr_description
[5.659s] DEBUG:colcon.colcon_core.event_handler.log_command:Invoked command in '/home/amr/amr_ws/build/amr_description' returned '0': CMAKE_PREFIX_PATH=${CMAKE_PREFIX_PATH}:/home/amr/amr_ws/install/base_control_ros2:/opt/ros/humble /usr/bin/cmake /home/amr/amr_ws/src/amr_description -DCMAKE_INSTALL_PREFIX=/home/amr/amr_ws/install/amr_description
[5.675s] DEBUG:colcon.colcon_core.event_handler.log_command:Invoking command in '/home/amr/amr_ws/build/amr_description': CMAKE_PREFIX_PATH=${CMAKE_PREFIX_PATH}:/home/amr/amr_ws/install/base_control_ros2:/opt/ros/humble /usr/bin/cmake --build /home/amr/amr_ws/build/amr_description -- -j4 -l4
[5.879s] DEBUG:colcon.colcon_core.event_handler.log_command:Invoked command in '/home/amr/amr_ws/build/amr_description' returned '0': CMAKE_PREFIX_PATH=${CMAKE_PREFIX_PATH}:/home/amr/amr_ws/install/base_control_ros2:/opt/ros/humble /usr/bin/cmake --build /home/amr/amr_ws/build/amr_description -- -j4 -l4
[5.936s] DEBUG:colcon.colcon_core.event_handler.log_command:Invoking command in '/home/amr/amr_ws/build/amr_description': CMAKE_PREFIX_PATH=${CMAKE_PREFIX_PATH}:/home/amr/amr_ws/install/base_control_ros2:/opt/ros/humble /usr/bin/cmake --install /home/amr/amr_ws/build/amr_description
[6.061s] Level 1:colcon.colcon_core.environment:create_environment_scripts_only(amr_description)
[6.063s] DEBUG:colcon.colcon_core.event_handler.log_command:Invoked command in '/home/amr/amr_ws/build/amr_description' returned '0': CMAKE_PREFIX_PATH=${CMAKE_PREFIX_PATH}:/home/amr/amr_ws/install/base_control_ros2:/opt/ros/humble /usr/bin/cmake --install /home/amr/amr_ws/build/amr_description
[6.104s] Level 1:colcon.colcon_core.environment:checking '/home/amr/amr_ws/install/amr_description' for CMake module files
[6.111s] Level 1:colcon.colcon_core.environment:checking '/home/amr/amr_ws/install/amr_description' for CMake config files
[6.114s] Level 1:colcon.colcon_core.shell:create_environment_hook('amr_description', 'cmake_prefix_path')
[6.115s] INFO:colcon.colcon_core.shell:Creating environment hook '/home/amr/amr_ws/install/amr_description/share/amr_description/hook/cmake_prefix_path.ps1'
[6.121s] INFO:colcon.colcon_core.shell:Creating environment descriptor '/home/amr/amr_ws/install/amr_description/share/amr_description/hook/cmake_prefix_path.dsv'
[6.125s] INFO:colcon.colcon_core.shell:Creating environment hook '/home/amr/amr_ws/install/amr_description/share/amr_description/hook/cmake_prefix_path.sh'
[6.131s] Level 1:colcon.colcon_core.environment:checking '/home/amr/amr_ws/install/amr_description/bin'
[6.132s] Level 1:colcon.colcon_core.environment:checking '/home/amr/amr_ws/install/amr_description/lib/pkgconfig/amr_description.pc'
[6.133s] Level 1:colcon.colcon_core.environment:checking '/home/amr/amr_ws/install/amr_description/lib/python3.10/site-packages'
[6.135s] Level 1:colcon.colcon_core.environment:checking '/home/amr/amr_ws/install/amr_description/bin'
[6.137s] INFO:colcon.colcon_core.shell:Creating package script '/home/amr/amr_ws/install/amr_description/share/amr_description/package.ps1'
[6.145s] INFO:colcon.colcon_core.shell:Creating package descriptor '/home/amr/amr_ws/install/amr_description/share/amr_description/package.dsv'
[6.149s] INFO:colcon.colcon_core.shell:Creating package script '/home/amr/amr_ws/install/amr_description/share/amr_description/package.sh'
[6.153s] INFO:colcon.colcon_core.shell:Creating package script '/home/amr/amr_ws/install/amr_description/share/amr_description/package.bash'
[6.159s] INFO:colcon.colcon_core.shell:Creating package script '/home/amr/amr_ws/install/amr_description/share/amr_description/package.zsh'
[6.167s] Level 1:colcon.colcon_core.environment:create_file_with_runtime_dependencies(/home/amr/amr_ws/install/amr_description/share/colcon-core/packages/amr_description)
[6.172s] Level 1:colcon.colcon_core.environment:create_environment_scripts_only(amr_description)
[6.173s] Level 1:colcon.colcon_core.environment:checking '/home/amr/amr_ws/install/amr_description' for CMake module files
[6.177s] Level 1:colcon.colcon_core.environment:checking '/home/amr/amr_ws/install/amr_description' for CMake config files
[6.179s] Level 1:colcon.colcon_core.shell:create_environment_hook('amr_description', 'cmake_prefix_path')
[6.180s] INFO:colcon.colcon_core.shell:Creating environment hook '/home/amr/amr_ws/install/amr_description/share/amr_description/hook/cmake_prefix_path.ps1'
[6.182s] INFO:colcon.colcon_core.shell:Creating environment descriptor '/home/amr/amr_ws/install/amr_description/share/amr_description/hook/cmake_prefix_path.dsv'
[6.184s] INFO:colcon.colcon_core.shell:Creating environment hook '/home/amr/amr_ws/install/amr_description/share/amr_description/hook/cmake_prefix_path.sh'
[6.188s] Level 1:colcon.colcon_core.environment:checking '/home/amr/amr_ws/install/amr_description/bin'
[6.189s] Level 1:colcon.colcon_core.environment:checking '/home/amr/amr_ws/install/amr_description/lib/pkgconfig/amr_description.pc'
[6.190s] Level 1:colcon.colcon_core.environment:checking '/home/amr/amr_ws/install/amr_description/lib/python3.10/site-packages'
[6.192s] Level 1:colcon.colcon_core.environment:checking '/home/amr/amr_ws/install/amr_description/bin'
[6.194s] INFO:colcon.colcon_core.shell:Creating package script '/home/amr/amr_ws/install/amr_description/share/amr_description/package.ps1'
[6.198s] INFO:colcon.colcon_core.shell:Creating package descriptor '/home/amr/amr_ws/install/amr_description/share/amr_description/package.dsv'
[6.200s] INFO:colcon.colcon_core.shell:Creating package script '/home/amr/amr_ws/install/amr_description/share/amr_description/package.sh'
[6.203s] INFO:colcon.colcon_core.shell:Creating package script '/home/amr/amr_ws/install/amr_description/share/amr_description/package.bash'
[6.207s] INFO:colcon.colcon_core.shell:Creating package script '/home/amr/amr_ws/install/amr_description/share/amr_description/package.zsh'
[6.210s] Level 1:colcon.colcon_core.environment:create_file_with_runtime_dependencies(/home/amr/amr_ws/install/amr_description/share/colcon-core/packages/amr_description)
[6.212s] DEBUG:colcon.colcon_parallel_executor.executor.parallel:closing loop
[6.213s] DEBUG:colcon.colcon_parallel_executor.executor.parallel:loop closed
[6.214s] DEBUG:colcon.colcon_parallel_executor.executor.parallel:run_until_complete finished with '0'
[6.214s] DEBUG:colcon.colcon_core.event_reactor:joining thread
[6.221s] DEBUG:colcon.colcon_core.event_reactor:joined thread
[6.222s] INFO:colcon.colcon_core.shell:Creating prefix script '/home/amr/amr_ws/install/local_setup.ps1'
[6.228s] INFO:colcon.colcon_core.shell:Creating prefix util module '/home/amr/amr_ws/install/_local_setup_util_ps1.py'
[6.241s] INFO:colcon.colcon_core.shell:Creating prefix chain script '/home/amr/amr_ws/install/setup.ps1'
[6.250s] INFO:colcon.colcon_core.shell:Creating prefix script '/home/amr/amr_ws/install/local_setup.sh'
[6.254s] INFO:colcon.colcon_core.shell:Creating prefix util module '/home/amr/amr_ws/install/_local_setup_util_sh.py'
[6.258s] INFO:colcon.colcon_core.shell:Creating prefix chain script '/home/amr/amr_ws/install/setup.sh'
[6.266s] INFO:colcon.colcon_core.shell:Creating prefix script '/home/amr/amr_ws/install/local_setup.bash'
[6.272s] INFO:colcon.colcon_core.shell:Creating prefix chain script '/home/amr/amr_ws/install/setup.bash'
[6.281s] INFO:colcon.colcon_core.shell:Creating prefix script '/home/amr/amr_ws/install/local_setup.zsh'
[6.284s] INFO:colcon.colcon_core.shell:Creating prefix chain script '/home/amr/amr_ws/install/setup.zsh'
