[0.061s] Invoking command in '/home/amr/amr_ws/build/amr_description': CMAKE_PREFIX_PATH=${CMAKE_PREFIX_PATH}:/home/amr/amr_ws/install/base_control_ros2:/opt/ros/humble /usr/bin/cmake --build /home/amr/amr_ws/build/amr_description -- -j4 -l4
[0.404s] -- Found ament_cmake: 1.3.14 (/opt/ros/humble/share/ament_cmake/cmake)
[0.984s] -- Override CMake install command with custom implementation using symlinks instead of copying resources
[1.353s] -- Configuring done
[1.378s] -- Generating done
[1.389s] -- Build files have been written to: /home/amr/amr_ws/build/amr_description
[1.480s] Invoked command in '/home/amr/amr_ws/build/amr_description' returned '0': CMAKE_PREFIX_PATH=${CMAKE_PREFIX_PATH}:/home/amr/amr_ws/install/base_control_ros2:/opt/ros/humble /usr/bin/cmake --build /home/amr/amr_ws/build/amr_description -- -j4 -l4
[1.522s] Invoking command in '/home/amr/amr_ws/build/amr_description': CMAKE_PREFIX_PATH=${CMAKE_PREFIX_PATH}:/home/amr/amr_ws/install/base_control_ros2:/opt/ros/humble /usr/bin/cmake --install /home/amr/amr_ws/build/amr_description
[1.548s] -- Install configuration: ""
[1.549s] -- Execute custom install script
[1.553s] -- Up-to-date symlink: /home/amr/amr_ws/install/amr_description/share/amr_description/urdf/amr.urdf.xacro
[1.556s] -- Up-to-date symlink: /home/amr/amr_ws/install/amr_description/share/amr_description/launch/bringup.launch.py
[1.557s] -- Up-to-date symlink: /home/amr/amr_ws/install/amr_description/share/amr_description/launch/description.launch.py
[1.558s] -- Symlinking: /home/amr/amr_ws/install/amr_description/share/amr_description/config/nav2_params.yaml
[1.590s] -- Up-to-date symlink: /home/amr/amr_ws/install/amr_description/share/ament_index/resource_index/package_run_dependencies/amr_description
[1.593s] -- Up-to-date symlink: /home/amr/amr_ws/install/amr_description/share/ament_index/resource_index/parent_prefix_path/amr_description
[1.594s] -- Up-to-date symlink: /home/amr/amr_ws/install/amr_description/share/amr_description/environment/ament_prefix_path.sh
[1.595s] -- Up-to-date symlink: /home/amr/amr_ws/install/amr_description/share/amr_description/environment/ament_prefix_path.dsv
[1.597s] -- Up-to-date symlink: /home/amr/amr_ws/install/amr_description/share/amr_description/environment/path.sh
[1.598s] -- Up-to-date symlink: /home/amr/amr_ws/install/amr_description/share/amr_description/environment/path.dsv
[1.600s] -- Up-to-date symlink: /home/amr/amr_ws/install/amr_description/share/amr_description/local_setup.bash
[1.602s] -- Up-to-date symlink: /home/amr/amr_ws/install/amr_description/share/amr_description/local_setup.sh
[1.604s] -- Up-to-date symlink: /home/amr/amr_ws/install/amr_description/share/amr_description/local_setup.zsh
[1.605s] -- Up-to-date symlink: /home/amr/amr_ws/install/amr_description/share/amr_description/local_setup.dsv
[1.606s] -- Symlinking: /home/amr/amr_ws/install/amr_description/share/amr_description/package.dsv
[1.639s] -- Up-to-date symlink: /home/amr/amr_ws/install/amr_description/share/ament_index/resource_index/packages/amr_description
[1.641s] -- Up-to-date symlink: /home/amr/amr_ws/install/amr_description/share/amr_description/cmake/amr_descriptionConfig.cmake
[1.642s] -- Up-to-date symlink: /home/amr/amr_ws/install/amr_description/share/amr_description/cmake/amr_descriptionConfig-version.cmake
[1.643s] -- Up-to-date symlink: /home/amr/amr_ws/install/amr_description/share/amr_description/package.xml
[1.649s] Invoked command in '/home/amr/amr_ws/build/amr_description' returned '0': CMAKE_PREFIX_PATH=${CMAKE_PREFIX_PATH}:/home/amr/amr_ws/install/base_control_ros2:/opt/ros/humble /usr/bin/cmake --install /home/amr/amr_ws/build/amr_description
