-- The C compiler identification is GNU 11.4.0
-- The CXX compiler identification is GNU 11.4.0
-- Detecting C compiler ABI info
-- Detecting C compiler ABI info - done
-- Check for working C compiler: /usr/bin/cc - skipped
-- Detecting C compile features
-- Detecting C compile features - done
-- Detecting CXX compiler ABI info
-- Detecting CXX compiler ABI info - done
-- Check for working CXX compiler: /usr/bin/c++ - skipped
-- Detecting CXX compile features
-- Detecting CXX compile features - done
-- Found ament_cmake: 1.3.14 (/opt/ros/humble/share/ament_cmake/cmake)
-- Found Python3: /usr/bin/python3 (found version "3.10.12") found components: Interpreter 
-- Override CMake install command with custom implementation using symlinks instead of copying resources
-- Configuring done
-- Generating done
-- Build files have been written to: /home/amr/amr_ws/build/amr_description
-- Install configuration: ""
-- Execute custom install script
-- Symlinking: /home/amr/amr_ws/install/amr_description/share/amr_description/urdf/amr.urdf.xacro
-- Symlinking: /home/amr/amr_ws/install/amr_description/share/amr_description/launch/description.launch.py
-- Symlinking: /home/amr/amr_ws/install/amr_description/share/ament_index/resource_index/package_run_dependencies/amr_description
-- Symlinking: /home/amr/amr_ws/install/amr_description/share/ament_index/resource_index/parent_prefix_path/amr_description
-- Symlinking: /home/amr/amr_ws/install/amr_description/share/amr_description/environment/ament_prefix_path.sh
-- Symlinking: /home/amr/amr_ws/install/amr_description/share/amr_description/environment/ament_prefix_path.dsv
-- Symlinking: /home/amr/amr_ws/install/amr_description/share/amr_description/environment/path.sh
-- Symlinking: /home/amr/amr_ws/install/amr_description/share/amr_description/environment/path.dsv
-- Symlinking: /home/amr/amr_ws/install/amr_description/share/amr_description/local_setup.bash
-- Symlinking: /home/amr/amr_ws/install/amr_description/share/amr_description/local_setup.sh
-- Symlinking: /home/amr/amr_ws/install/amr_description/share/amr_description/local_setup.zsh
-- Symlinking: /home/amr/amr_ws/install/amr_description/share/amr_description/local_setup.dsv
-- Symlinking: /home/amr/amr_ws/install/amr_description/share/amr_description/package.dsv
-- Symlinking: /home/amr/amr_ws/install/amr_description/share/ament_index/resource_index/packages/amr_description
-- Symlinking: /home/amr/amr_ws/install/amr_description/share/amr_description/cmake/amr_descriptionConfig.cmake
-- Symlinking: /home/amr/amr_ws/install/amr_description/share/amr_description/cmake/amr_descriptionConfig-version.cmake
-- Symlinking: /home/amr/amr_ws/install/amr_description/share/amr_description/package.xml
