[0.447s] DEBUG:colcon:Command line arguments: ['/usr/bin/colcon', 'build', '--packages-select', 'bingda_ros2_demos']
[0.448s] DEBUG:colcon:Parsed command line arguments: Namespace(log_base=None, log_level=None, verb_name='build', build_base='build', install_base='install', merge_install=False, symlink_install=False, test_result_base=None, continue_on_error=False, executor='parallel', parallel_workers=4, event_handlers=None, ignore_user_meta=False, metas=['./colcon.meta'], base_paths=['.'], packages_ignore=None, packages_ignore_regex=None, paths=None, packages_up_to=None, packages_up_to_regex=None, packages_above=None, packages_above_and_dependencies=None, packages_above_depth=None, packages_select_by_dep=None, packages_skip_by_dep=None, packages_skip_up_to=None, packages_select_build_failed=False, packages_skip_build_finished=False, packages_select_test_failures=False, packages_skip_test_passed=False, packages_select=['bingda_ros2_demos'], packages_skip=None, packages_select_regex=None, packages_skip_regex=None, packages_start=None, packages_end=None, allow_overriding=[], cmake_args=None, cmake_target=None, cmake_target_skip_unavailable=False, cmake_clean_cache=False, cmake_clean_first=False, cmake_force_configure=False, ament_cmake_args=None, catkin_cmake_args=None, catkin_skip_building_tests=False, mixin_files=None, mixin=None, verb_parser=<colcon_mixin.mixin.mixin_argument.MixinArgumentDecorator object at 0xffff919b4c40>, verb_extension=<colcon_core.verb.build.BuildVerb object at 0xffff91ac1e40>, main=<bound method BuildVerb.main of <colcon_core.verb.build.BuildVerb object at 0xffff91ac1e40>>, mixin_verb=('build',))
[1.203s] Level 1:colcon.colcon_core.package_discovery:discover_packages(colcon_meta) check parameters
[1.204s] Level 1:colcon.colcon_core.package_discovery:discover_packages(recursive) check parameters
[1.204s] Level 1:colcon.colcon_core.package_discovery:discover_packages(ignore) check parameters
[1.204s] Level 1:colcon.colcon_core.package_discovery:discover_packages(path) check parameters
[1.204s] Level 1:colcon.colcon_core.package_discovery:discover_packages(colcon_meta) discover
[1.204s] Level 1:colcon.colcon_core.package_discovery:discover_packages(recursive) discover
[1.205s] INFO:colcon.colcon_core.package_discovery:Crawling recursively for packages in '/home/amr/amr_ws'
[1.205s] Level 1:colcon.colcon_core.package_identification:_identify(.) by extensions ['ignore', 'ignore_ament_install']
[1.205s] Level 1:colcon.colcon_core.package_identification:_identify(.) by extension 'ignore'
[1.206s] Level 1:colcon.colcon_core.package_identification:_identify(.) by extension 'ignore_ament_install'
[1.206s] Level 1:colcon.colcon_core.package_identification:_identify(.) by extensions ['colcon_pkg']
[1.206s] Level 1:colcon.colcon_core.package_identification:_identify(.) by extension 'colcon_pkg'
[1.206s] Level 1:colcon.colcon_core.package_identification:_identify(.) by extensions ['colcon_meta']
[1.206s] Level 1:colcon.colcon_core.package_identification:_identify(.) by extension 'colcon_meta'
[1.206s] Level 1:colcon.colcon_core.package_identification:_identify(.) by extensions ['ros']
[1.206s] Level 1:colcon.colcon_core.package_identification:_identify(.) by extension 'ros'
[1.252s] Level 1:colcon.colcon_core.package_identification:_identify(.) by extensions ['cmake', 'python']
[1.252s] Level 1:colcon.colcon_core.package_identification:_identify(.) by extension 'cmake'
[1.252s] Level 1:colcon.colcon_core.package_identification:_identify(.) by extension 'python'
[1.252s] Level 1:colcon.colcon_core.package_identification:_identify(.) by extensions ['python_setup_py']
[1.252s] Level 1:colcon.colcon_core.package_identification:_identify(.) by extension 'python_setup_py'
[1.253s] Level 1:colcon.colcon_core.package_identification:_identify(build) by extensions ['ignore', 'ignore_ament_install']
[1.253s] Level 1:colcon.colcon_core.package_identification:_identify(build) by extension 'ignore'
[1.253s] Level 1:colcon.colcon_core.package_identification:_identify(build) ignored
[1.254s] Level 1:colcon.colcon_core.package_identification:_identify(install) by extensions ['ignore', 'ignore_ament_install']
[1.254s] Level 1:colcon.colcon_core.package_identification:_identify(install) by extension 'ignore'
[1.254s] Level 1:colcon.colcon_core.package_identification:_identify(install) ignored
[1.255s] Level 1:colcon.colcon_core.package_identification:_identify(log) by extensions ['ignore', 'ignore_ament_install']
[1.255s] Level 1:colcon.colcon_core.package_identification:_identify(log) by extension 'ignore'
[1.255s] Level 1:colcon.colcon_core.package_identification:_identify(log) ignored
[1.256s] Level 1:colcon.colcon_core.package_identification:_identify(maps) by extensions ['ignore', 'ignore_ament_install']
[1.256s] Level 1:colcon.colcon_core.package_identification:_identify(maps) by extension 'ignore'
[1.256s] Level 1:colcon.colcon_core.package_identification:_identify(maps) by extension 'ignore_ament_install'
[1.256s] Level 1:colcon.colcon_core.package_identification:_identify(maps) by extensions ['colcon_pkg']
[1.257s] Level 1:colcon.colcon_core.package_identification:_identify(maps) by extension 'colcon_pkg'
[1.257s] Level 1:colcon.colcon_core.package_identification:_identify(maps) by extensions ['colcon_meta']
[1.257s] Level 1:colcon.colcon_core.package_identification:_identify(maps) by extension 'colcon_meta'
[1.257s] Level 1:colcon.colcon_core.package_identification:_identify(maps) by extensions ['ros']
[1.257s] Level 1:colcon.colcon_core.package_identification:_identify(maps) by extension 'ros'
[1.257s] Level 1:colcon.colcon_core.package_identification:_identify(maps) by extensions ['cmake', 'python']
[1.257s] Level 1:colcon.colcon_core.package_identification:_identify(maps) by extension 'cmake'
[1.258s] Level 1:colcon.colcon_core.package_identification:_identify(maps) by extension 'python'
[1.258s] Level 1:colcon.colcon_core.package_identification:_identify(maps) by extensions ['python_setup_py']
[1.258s] Level 1:colcon.colcon_core.package_identification:_identify(maps) by extension 'python_setup_py'
[1.258s] Level 1:colcon.colcon_core.package_identification:_identify(src) by extensions ['ignore', 'ignore_ament_install']
[1.259s] Level 1:colcon.colcon_core.package_identification:_identify(src) by extension 'ignore'
[1.259s] Level 1:colcon.colcon_core.package_identification:_identify(src) by extension 'ignore_ament_install'
[1.259s] Level 1:colcon.colcon_core.package_identification:_identify(src) by extensions ['colcon_pkg']
[1.259s] Level 1:colcon.colcon_core.package_identification:_identify(src) by extension 'colcon_pkg'
[1.259s] Level 1:colcon.colcon_core.package_identification:_identify(src) by extensions ['colcon_meta']
[1.259s] Level 1:colcon.colcon_core.package_identification:_identify(src) by extension 'colcon_meta'
[1.260s] Level 1:colcon.colcon_core.package_identification:_identify(src) by extensions ['ros']
[1.260s] Level 1:colcon.colcon_core.package_identification:_identify(src) by extension 'ros'
[1.260s] Level 1:colcon.colcon_core.package_identification:_identify(src) by extensions ['cmake', 'python']
[1.260s] Level 1:colcon.colcon_core.package_identification:_identify(src) by extension 'cmake'
[1.260s] Level 1:colcon.colcon_core.package_identification:_identify(src) by extension 'python'
[1.260s] Level 1:colcon.colcon_core.package_identification:_identify(src) by extensions ['python_setup_py']
[1.261s] Level 1:colcon.colcon_core.package_identification:_identify(src) by extension 'python_setup_py'
[1.261s] Level 1:colcon.colcon_core.package_identification:_identify(src/amr_description) by extensions ['ignore', 'ignore_ament_install']
[1.261s] Level 1:colcon.colcon_core.package_identification:_identify(src/amr_description) by extension 'ignore'
[1.261s] Level 1:colcon.colcon_core.package_identification:_identify(src/amr_description) by extension 'ignore_ament_install'
[1.262s] Level 1:colcon.colcon_core.package_identification:_identify(src/amr_description) by extensions ['colcon_pkg']
[1.262s] Level 1:colcon.colcon_core.package_identification:_identify(src/amr_description) by extension 'colcon_pkg'
[1.262s] Level 1:colcon.colcon_core.package_identification:_identify(src/amr_description) by extensions ['colcon_meta']
[1.262s] Level 1:colcon.colcon_core.package_identification:_identify(src/amr_description) by extension 'colcon_meta'
[1.262s] Level 1:colcon.colcon_core.package_identification:_identify(src/amr_description) by extensions ['ros']
[1.262s] Level 1:colcon.colcon_core.package_identification:_identify(src/amr_description) by extension 'ros'
[1.270s] DEBUG:colcon.colcon_core.package_identification:Package 'src/amr_description' with type 'ros.ament_cmake' and name 'amr_description'
[1.271s] Level 1:colcon.colcon_core.package_identification:_identify(src/base_control_ros2) by extensions ['ignore', 'ignore_ament_install']
[1.271s] Level 1:colcon.colcon_core.package_identification:_identify(src/base_control_ros2) by extension 'ignore'
[1.272s] Level 1:colcon.colcon_core.package_identification:_identify(src/base_control_ros2) by extension 'ignore_ament_install'
[1.272s] Level 1:colcon.colcon_core.package_identification:_identify(src/base_control_ros2) by extensions ['colcon_pkg']
[1.272s] Level 1:colcon.colcon_core.package_identification:_identify(src/base_control_ros2) by extension 'colcon_pkg'
[1.272s] Level 1:colcon.colcon_core.package_identification:_identify(src/base_control_ros2) by extensions ['colcon_meta']
[1.272s] Level 1:colcon.colcon_core.package_identification:_identify(src/base_control_ros2) by extension 'colcon_meta'
[1.273s] Level 1:colcon.colcon_core.package_identification:_identify(src/base_control_ros2) by extensions ['ros']
[1.273s] Level 1:colcon.colcon_core.package_identification:_identify(src/base_control_ros2) by extension 'ros'
[1.275s] DEBUG:colcon.colcon_core.package_identification:Package 'src/base_control_ros2' with type 'ros.ament_python' and name 'base_control_ros2'
[1.275s] Level 1:colcon.colcon_core.package_identification:_identify(src/bingda_ros2_demos) by extensions ['ignore', 'ignore_ament_install']
[1.276s] Level 1:colcon.colcon_core.package_identification:_identify(src/bingda_ros2_demos) by extension 'ignore'
[1.277s] Level 1:colcon.colcon_core.package_identification:_identify(src/bingda_ros2_demos) by extension 'ignore_ament_install'
[1.277s] Level 1:colcon.colcon_core.package_identification:_identify(src/bingda_ros2_demos) by extensions ['colcon_pkg']
[1.277s] Level 1:colcon.colcon_core.package_identification:_identify(src/bingda_ros2_demos) by extension 'colcon_pkg'
[1.277s] Level 1:colcon.colcon_core.package_identification:_identify(src/bingda_ros2_demos) by extensions ['colcon_meta']
[1.277s] Level 1:colcon.colcon_core.package_identification:_identify(src/bingda_ros2_demos) by extension 'colcon_meta'
[1.277s] Level 1:colcon.colcon_core.package_identification:_identify(src/bingda_ros2_demos) by extensions ['ros']
[1.278s] Level 1:colcon.colcon_core.package_identification:_identify(src/bingda_ros2_demos) by extension 'ros'
[1.278s] Level 1:colcon.colcon_core.package_identification:_identify(src/bingda_ros2_demos) by extensions ['cmake', 'python']
[1.278s] Level 1:colcon.colcon_core.package_identification:_identify(src/bingda_ros2_demos) by extension 'cmake'
[1.278s] Level 1:colcon.colcon_core.package_identification:_identify(src/bingda_ros2_demos) by extension 'python'
[1.278s] Level 1:colcon.colcon_core.package_identification:_identify(src/bingda_ros2_demos) by extensions ['python_setup_py']
[1.279s] Level 1:colcon.colcon_core.package_identification:_identify(src/bingda_ros2_demos) by extension 'python_setup_py'
[1.279s] Level 1:colcon.colcon_core.package_identification:_identify(src/bingda_ros2_demos/robot_navigation_ros2) by extensions ['ignore', 'ignore_ament_install']
[1.279s] Level 1:colcon.colcon_core.package_identification:_identify(src/bingda_ros2_demos/robot_navigation_ros2) by extension 'ignore'
[1.280s] Level 1:colcon.colcon_core.package_identification:_identify(src/bingda_ros2_demos/robot_navigation_ros2) by extension 'ignore_ament_install'
[1.280s] Level 1:colcon.colcon_core.package_identification:_identify(src/bingda_ros2_demos/robot_navigation_ros2) by extensions ['colcon_pkg']
[1.280s] Level 1:colcon.colcon_core.package_identification:_identify(src/bingda_ros2_demos/robot_navigation_ros2) by extension 'colcon_pkg'
[1.280s] Level 1:colcon.colcon_core.package_identification:_identify(src/bingda_ros2_demos/robot_navigation_ros2) by extensions ['colcon_meta']
[1.280s] Level 1:colcon.colcon_core.package_identification:_identify(src/bingda_ros2_demos/robot_navigation_ros2) by extension 'colcon_meta'
[1.280s] Level 1:colcon.colcon_core.package_identification:_identify(src/bingda_ros2_demos/robot_navigation_ros2) by extensions ['ros']
[1.281s] Level 1:colcon.colcon_core.package_identification:_identify(src/bingda_ros2_demos/robot_navigation_ros2) by extension 'ros'
[1.283s] DEBUG:colcon.colcon_core.package_identification:Package 'src/bingda_ros2_demos/robot_navigation_ros2' with type 'ros.ament_python' and name 'robot_navigation_ros2'
[1.283s] Level 1:colcon.colcon_core.package_identification:_identify(src/bingda_ros2_demos/robot_vision_ros2) by extensions ['ignore', 'ignore_ament_install']
[1.284s] Level 1:colcon.colcon_core.package_identification:_identify(src/bingda_ros2_demos/robot_vision_ros2) by extension 'ignore'
[1.284s] Level 1:colcon.colcon_core.package_identification:_identify(src/bingda_ros2_demos/robot_vision_ros2) by extension 'ignore_ament_install'
[1.284s] Level 1:colcon.colcon_core.package_identification:_identify(src/bingda_ros2_demos/robot_vision_ros2) by extensions ['colcon_pkg']
[1.284s] Level 1:colcon.colcon_core.package_identification:_identify(src/bingda_ros2_demos/robot_vision_ros2) by extension 'colcon_pkg'
[1.284s] Level 1:colcon.colcon_core.package_identification:_identify(src/bingda_ros2_demos/robot_vision_ros2) by extensions ['colcon_meta']
[1.284s] Level 1:colcon.colcon_core.package_identification:_identify(src/bingda_ros2_demos/robot_vision_ros2) by extension 'colcon_meta'
[1.285s] Level 1:colcon.colcon_core.package_identification:_identify(src/bingda_ros2_demos/robot_vision_ros2) by extensions ['ros']
[1.285s] Level 1:colcon.colcon_core.package_identification:_identify(src/bingda_ros2_demos/robot_vision_ros2) by extension 'ros'
[1.287s] DEBUG:colcon.colcon_core.package_identification:Package 'src/bingda_ros2_demos/robot_vision_ros2' with type 'ros.ament_python' and name 'robot_vision_ros2'
[1.287s] Level 1:colcon.colcon_core.package_identification:_identify(src/bingda_ros2_demos/robot_vslam_ros2) by extensions ['ignore', 'ignore_ament_install']
[1.288s] Level 1:colcon.colcon_core.package_identification:_identify(src/bingda_ros2_demos/robot_vslam_ros2) by extension 'ignore'
[1.288s] Level 1:colcon.colcon_core.package_identification:_identify(src/bingda_ros2_demos/robot_vslam_ros2) by extension 'ignore_ament_install'
[1.288s] Level 1:colcon.colcon_core.package_identification:_identify(src/bingda_ros2_demos/robot_vslam_ros2) by extensions ['colcon_pkg']
[1.288s] Level 1:colcon.colcon_core.package_identification:_identify(src/bingda_ros2_demos/robot_vslam_ros2) by extension 'colcon_pkg'
[1.288s] Level 1:colcon.colcon_core.package_identification:_identify(src/bingda_ros2_demos/robot_vslam_ros2) by extensions ['colcon_meta']
[1.288s] Level 1:colcon.colcon_core.package_identification:_identify(src/bingda_ros2_demos/robot_vslam_ros2) by extension 'colcon_meta'
[1.289s] Level 1:colcon.colcon_core.package_identification:_identify(src/bingda_ros2_demos/robot_vslam_ros2) by extensions ['ros']
[1.289s] Level 1:colcon.colcon_core.package_identification:_identify(src/bingda_ros2_demos/robot_vslam_ros2) by extension 'ros'
[1.291s] DEBUG:colcon.colcon_core.package_identification:Package 'src/bingda_ros2_demos/robot_vslam_ros2' with type 'ros.ament_python' and name 'robot_vslam_ros2'
[1.291s] Level 1:colcon.colcon_core.package_identification:_identify(src/sllidar_ros2) by extensions ['ignore', 'ignore_ament_install']
[1.292s] Level 1:colcon.colcon_core.package_identification:_identify(src/sllidar_ros2) by extension 'ignore'
[1.292s] Level 1:colcon.colcon_core.package_identification:_identify(src/sllidar_ros2) by extension 'ignore_ament_install'
[1.292s] Level 1:colcon.colcon_core.package_identification:_identify(src/sllidar_ros2) by extensions ['colcon_pkg']
[1.292s] Level 1:colcon.colcon_core.package_identification:_identify(src/sllidar_ros2) by extension 'colcon_pkg'
[1.292s] Level 1:colcon.colcon_core.package_identification:_identify(src/sllidar_ros2) by extensions ['colcon_meta']
[1.293s] Level 1:colcon.colcon_core.package_identification:_identify(src/sllidar_ros2) by extension 'colcon_meta'
[1.293s] Level 1:colcon.colcon_core.package_identification:_identify(src/sllidar_ros2) by extensions ['ros']
[1.293s] Level 1:colcon.colcon_core.package_identification:_identify(src/sllidar_ros2) by extension 'ros'
[1.296s] DEBUG:colcon.colcon_core.package_identification:Package 'src/sllidar_ros2' with type 'ros.ament_cmake' and name 'sllidar_ros2'
[1.296s] Level 1:colcon.colcon_core.package_discovery:discover_packages(recursive) using defaults
[1.296s] Level 1:colcon.colcon_core.package_discovery:discover_packages(ignore) discover
[1.296s] Level 1:colcon.colcon_core.package_discovery:discover_packages(ignore) using defaults
[1.296s] Level 1:colcon.colcon_core.package_discovery:discover_packages(path) discover
[1.296s] Level 1:colcon.colcon_core.package_discovery:discover_packages(path) using defaults
[1.297s] WARNING:colcon.colcon_core.package_selection:ignoring unknown package 'bingda_ros2_demos' in --packages-select
[1.378s] INFO:colcon.colcon_core.package_selection:Skipping not selected package 'amr_description' in 'src/amr_description'
[1.378s] INFO:colcon.colcon_core.package_selection:Skipping not selected package 'base_control_ros2' in 'src/base_control_ros2'
[1.378s] INFO:colcon.colcon_core.package_selection:Skipping not selected package 'robot_navigation_ros2' in 'src/bingda_ros2_demos/robot_navigation_ros2'
[1.378s] INFO:colcon.colcon_core.package_selection:Skipping not selected package 'robot_vision_ros2' in 'src/bingda_ros2_demos/robot_vision_ros2'
[1.378s] INFO:colcon.colcon_core.package_selection:Skipping not selected package 'robot_vslam_ros2' in 'src/bingda_ros2_demos/robot_vslam_ros2'
[1.378s] INFO:colcon.colcon_core.package_selection:Skipping not selected package 'sllidar_ros2' in 'src/sllidar_ros2'
[1.380s] Level 1:colcon.colcon_core.package_discovery:discover_packages(prefix_path) check parameters
[1.380s] Level 1:colcon.colcon_core.package_discovery:discover_packages(prefix_path) discover
[1.388s] DEBUG:colcon.colcon_installed_package_information.package_discovery:Found 3 installed packages in /home/amr/amr_ws/install
[1.433s] DEBUG:colcon.colcon_installed_package_information.package_discovery:Found 249 installed packages in /opt/ros/humble
[1.438s] Level 1:colcon.colcon_core.package_discovery:discover_packages(prefix_path) using defaults
[1.580s] INFO:colcon.colcon_core.executor:Executing jobs using 'parallel' executor
[1.584s] DEBUG:colcon.colcon_parallel_executor.executor.parallel:run_until_complete
[1.585s] DEBUG:colcon.colcon_parallel_executor.executor.parallel:closing loop
[1.585s] DEBUG:colcon.colcon_parallel_executor.executor.parallel:loop closed
[1.586s] DEBUG:colcon.colcon_parallel_executor.executor.parallel:run_until_complete finished with '0'
[1.586s] DEBUG:colcon.colcon_core.event_reactor:joining thread
[1.587s] DEBUG:colcon.colcon_core.event_reactor:joined thread
[1.594s] INFO:colcon.colcon_core.plugin_system:Skipping extension 'colcon_core.shell.bat': Not used on non-Windows systems
[1.595s] INFO:colcon.colcon_core.shell:Creating prefix script '/home/amr/amr_ws/install/local_setup.ps1'
[1.599s] INFO:colcon.colcon_core.shell:Creating prefix util module '/home/amr/amr_ws/install/_local_setup_util_ps1.py'
[1.605s] INFO:colcon.colcon_core.shell:Creating prefix chain script '/home/amr/amr_ws/install/setup.ps1'
[1.611s] INFO:colcon.colcon_core.shell:Creating prefix script '/home/amr/amr_ws/install/local_setup.sh'
[1.613s] INFO:colcon.colcon_core.shell:Creating prefix util module '/home/amr/amr_ws/install/_local_setup_util_sh.py'
[1.616s] INFO:colcon.colcon_core.shell:Creating prefix chain script '/home/amr/amr_ws/install/setup.sh'
[1.621s] INFO:colcon.colcon_core.shell:Creating prefix script '/home/amr/amr_ws/install/local_setup.bash'
[1.623s] INFO:colcon.colcon_core.shell:Creating prefix chain script '/home/amr/amr_ws/install/setup.bash'
[1.628s] INFO:colcon.colcon_core.shell:Creating prefix script '/home/amr/amr_ws/install/local_setup.zsh'
[1.630s] INFO:colcon.colcon_core.shell:Creating prefix chain script '/home/amr/amr_ws/install/setup.zsh'
